<html>
<body>
<pre>
<h1>µVision Build Log</h1>
<h2>Tool Versions:</h2>
IDE-Version: µVision V5.29.0.0
Copyright (C) 2019 ARM Ltd and ARM Germany GmbH. All rights reserved.
License Information: Tho Tran, Bach Khoa University, LIC=SDA12-9HSPF-BSAYX-HFK7W-EFB87-06IR2
 
Tool Versions:
Toolchain:       MDK-ARM Plus  Version: 5.29.0.0
Toolchain Path:  C:\Keil_v5\ARM\ARMCC\Bin
C Compiler:      Armcc.exe V5.06 update 6 (build 750)
Assembler:       Armasm.exe V5.06 update 6 (build 750)
Linker/Locator:  ArmLink.exe V5.06 update 6 (build 750)
Library Manager: ArmAr.exe V5.06 update 6 (build 750)
Hex Converter:   FromElf.exe V5.06 update 6 (build 750)
CPU DLL:         SARMCM3.DLL V5.29.0.0
Dialog DLL:      DCM.DLL V1.17.3.0
Target DLL:      STLink\ST-LINKIII-KEIL_SWO.dll V3.0.7.0
Dialog DLL:      TCM.DLL V1.36.5.0
 
<h2>Project:</h2>
C:\Users\Tho Tran\Documents\STM32Cube\ADC_test\MDK-ARM\ADC_test.uvprojx
Project File Date:  03/21/2020

<h2>Output:</h2>
*** Using Compiler 'V5.06 update 6 (build 750)', folder: 'C:\Keil_v5\ARM\ARMCC\Bin'
Build target 'ADC_test'
compiling main.c...
../Src/main.c(130): warning:  #188-D: enumerated type mixed with another type
  	    	 HAL_GPIO_WritePin(GPIOA, GPIO_PIN_5, 0);  // Pull the CLK LOW
../Src/main.c(131): warning:  #188-D: enumerated type mixed with another type
  	    	 HAL_GPIO_WritePin(GPIOA, GPIO_PIN_7, byte&0x80);// Write one BIT data MSB first
../Src/main.c(133): warning:  #188-D: enumerated type mixed with another type
               HAL_GPIO_WritePin(GPIOA, GPIO_PIN_5, 1);  // Pull the CLK HIGH
../Src/main.c(139): warning:  #188-D: enumerated type mixed with another type
  	HAL_GPIO_WritePin(GPIOA, GPIO_PIN_6, 0);   // Pull the CS pin LOW
../Src/main.c(142): warning:  #188-D: enumerated type mixed with another type
      HAL_GPIO_WritePin(GPIOA, GPIO_PIN_6, 1);  // pull the CS HIGH
../Src/main.c: 5 warnings, 0 errors
linking...
Program Size: Code=8384 RO-data=312 RW-data=340 ZI-data=1292  
FromELF: creating hex file...
"ADC_test\ADC_test.axf" - 0 Error(s), 5 Warning(s).

<h2>Software Packages used:</h2>

Package Vendor: ARM
                http://www.keil.com/pack/ARM.CMSIS.5.6.0.pack
                ARM.CMSIS.5.6.0
                CMSIS (Cortex Microcontroller Software Interface Standard)
   * Component: CORE Version: 5.3.0

Package Vendor: Keil
                http://www.keil.com/pack/Keil.STM32F1xx_DFP.2.3.0.pack
                Keil.STM32F1xx_DFP.2.3.0
                STMicroelectronics STM32F1 Series Device Support, Drivers and Examples

<h2>Collection of Component include folders:</h2>
  .\RTE\_ADC_test
  C:\Users\Tho Tran\AppData\Local\Arm\Packs\ARM\CMSIS\5.6.0\CMSIS\Core\Include
  C:\Users\Tho Tran\AppData\Local\Arm\Packs\Keil\STM32F1xx_DFP\2.3.0\Device\Include

<h2>Collection of Component Files used:</h2>

   * Component: ARM::CMSIS:CORE:5.3.0
Build Time Elapsed:  00:00:02
</pre>
</body>
</html>
